// Jest Snapshot v1, https://goo.gl/fbAQLP

exports[`should render LoginPage correctly 1`] = `
<div
  className="box-layout"
>
  <div
    className="box-layout__box"
  >
    <h1
      className="box-layout__title"
    >
      Life Coach
    </h1>
    <p>
      Think Big, Plan Small
    </p>
    <button
      className="button"
    >
      Login With Google
    </button>
  </div>
</div>
`;
